// Jest Snapshot v1, https://goo.gl/fbAQLP

exports[`Button Component should match snapshot 1`] = `
<button
  onClick={[Function]}
>
  MY BUTTON
</button>
`;
